[allwhitelabel.com/index.html]
[backblue.gif]
[fade.gif]
[index.html]
[allwhitelabel.com/wp-content/uploads/2024/08/awl.jpg]
[allwhitelabel.com/wp-content/themes/astra/assets/css/minified/main.min287d.css]
[allwhitelabel.com/wp-content/plugins/elementor/assets/css/frontend-lite.mind5d5.css]
[allwhitelabel.com/comments/feed/index.html]
[allwhitelabel.com/feed/index.html]
[allwhitelabel.com/wp-content/plugins/elementor/assets/lib/swiper/v8/css/swiper.min94a4.css]
[allwhitelabel.com/wp-content/uploads/elementor/css/post-134452.css]
[allwhitelabel.com/wp-content/plugins/pro-elements/assets/css/frontend-lite.min28fc.css]
[allwhitelabel.com/wp-content/uploads/elementor/css/post-64452.css]
[allwhitelabel.com/wp-content/uploads/elementor/css/post-44694452.css]
[allwhitelabel.com/wp-content/uploads/elementor/css/post-1618d18c.css]
[allwhitelabel.com/wp-content/uploads/elementor/css/post-4282292e.css]
[allwhitelabel.com/wp-content/uploads/elementor/css/post-36490ad0.css]
[allwhitelabel.com/wp-content/themes/astra-child/style8a54.css]
[allwhitelabel.com/wp-json/wp/v2/pages/6]
[allwhitelabel.com/wp-json/index.html]
[allwhitelabel.com/xmlrpc0db0.php]
[allwhitelabel.com/wp-json/oembed/1.0/embedfb1d.json]
[allwhitelabel.com/wp-json/oembed/1.0/embed0ccb]
[allwhitelabel.com/wp-content/uploads/2024/06/cropped-App-Icon-1-32x32.png]
[allwhitelabel.com/wp-content/uploads/2024/06/cropped-App-Icon-1-192x192.png]
[allwhitelabel.com/wp-content/uploads/2024/06/cropped-App-Icon-1-180x180.png]
[allwhitelabel.com/wp-content/uploads/2024/06/big_noodle_titling.ttf]
[allwhitelabel.com/wp-content/uploads/2024/06/white-border.png]
[allwhitelabel.com/wp-content/uploads/2024/06/orange-border.png]
[allwhitelabel.com/wp-content/uploads/2024/06/Casino-M8trix-Event-Tower-min.webp]
[allwhitelabel.com/wp-content/uploads/2024/08/cropped-awl-black-logo-180x57.png]
[allwhitelabel.com/wp-content/plugins/pro-elements/assets/css/widget-nav-menu.mindf6e.css]
[allwhitelabel.com/wp-content/uploads/2024/06/product-5-min.png]
[allwhitelabel.com/white-label-online-casino-software/index.html]
[allwhitelabel.com/wp-content/uploads/2024/06/product-3-min.png]
[allwhitelabel.com/turnkey-casino-software/index.html]
[allwhitelabel.com/self-service-casino/index.html]
[allwhitelabel.com/casino-games-integration/index.html]
[allwhitelabel.com/wp-content/uploads/2024/06/product-1-min.png]
[allwhitelabel.com/casino-games-aggregator/index.html]
[allwhitelabel.com/sportsbook-solutions-integration-api/index.html]
[allwhitelabel.com/online-casino-payment-solutions/index.html]
[allwhitelabel.com/wp-content/uploads/2024/06/product-2-min.png]
[allwhitelabel.com/bonus-system-standalone/index.html]
[allwhitelabel.com/wp-content/uploads/2024/06/product-6-min.png]
[allwhitelabel.com/bank-accounts/index.html]
[allwhitelabel.com/licensing/index.html]
[allwhitelabel.com/live-casino-bundle/index.html]
[allwhitelabel.com/wp-content/uploads/2024/06/product-4-min.png]
[allwhitelabel.com/slots-bundle/index.html]
[allwhitelabel.com/live-casino-software/index.html]
[allwhitelabel.com/online-casino-software/index.html]
[allwhitelabel.com/casino-games/index.html]
[allwhitelabel.com/wp-content/uploads/2024/08/logo-1.png]
[allwhitelabel.com/lottery-bingo/index.html]
[allwhitelabel.com/white-label-betting-platform/index.html]
[allwhitelabel.com/streaming-platform/index.html]
[allwhitelabel.com/casino-tournament/index.html]
[allwhitelabel.com/wp-content/uploads/2024/08/logo.png]
[allwhitelabel.com/wp-content/uploads/2024/08/logod247.png]
[allwhitelabel.com/white-label-casino/index.html]
[allwhitelabel.com/wp-content/uploads/2024/08/diamondex_logo.png]
[allwhitelabel.com/contact-us/index.html]
[allwhitelabel.com/about-us/index.html]
[allwhitelabel.com/wp-content/uploads/2024/08/logo-login.png]
[allwhitelabel.com/wp-content/uploads/2024/08/logolord.png]
[allwhitelabel.com/wp-content/uploads/2024/06/Group-88.png]
[allwhitelabel.com/wp-content/uploads/2024/06/iconic-brands.png]
[allwhitelabel.com/wp-content/plugins/elementor/assets/css/widget-icon-box.min.css]
[allwhitelabel.com/wp-content/uploads/2024/06/Customer-Support.png]
[allwhitelabel.com/wp-content/uploads/2024/06/Low-Price-Euro.png]
[allwhitelabel.com/wp-content/uploads/2024/06/Windows-10-Personalization.png]
[allwhitelabel.com/wp-content/uploads/2024/06/Services.png]
[allwhitelabel.com/wp-content/uploads/2024/06/To-Do.png]
[allwhitelabel.com/wp-content/uploads/2024/06/Cash.png]
[allwhitelabel.com/wp-content/uploads/2024/06/Gift.png]
[allwhitelabel.com/wp-content/uploads/2024/06/Customer-Insight.png]
[allwhitelabel.com/wp-content/uploads/2024/06/Rectangle-51-min.png]
[allwhitelabel.com/wp-content/uploads/2024/06/Rectangle-52-min.png]
[allwhitelabel.com/wp-content/uploads/2024/06/Rectangle-55-min.png]
[allwhitelabel.com/wp-content/uploads/2024/06/Rectangle-56-min.png]
[allwhitelabel.com/wp-content/uploads/2024/06/Rectangle-54-min.png]
[allwhitelabel.com/wp-content/uploads/2024/06/Rectangle-53-min.png]
[allwhitelabel.com/wp-content/uploads/2024/06/Trophy.png]
[allwhitelabel.com/wp-content/uploads/2024/06/Launchpad.png]
[allwhitelabel.com/wp-content/uploads/2024/06/Thumbs-Up.png]
[allwhitelabel.com/wp-content/uploads/2024/06/Cards.png]
[allwhitelabel.com/wp-content/uploads/2024/06/Profit.png]
[allwhitelabel.com/wp-content/uploads/2024/06/Inquiry.png]
[allwhitelabel.com/wp-content/uploads/2024/06/Image.png]
[allwhitelabel.com/wp-content/plugins/pro-elements/assets/css/widget-loop-builder.mindf6e.css]
[allwhitelabel.com/wp-content/uploads/2024/08/3-1.jpg]
[allwhitelabel.com/wp-content/uploads/2024/08/2.jpg]
[allwhitelabel.com/what-is-a-white-label-sports-betting-platform/index.html]
[allwhitelabel.com/wp-content/uploads/2024/08/Awl-1.jpg]
[allwhitelabel.com/wp-content/uploads/2024/06/cerification-1.png]
[allwhitelabel.com/comparison-of-offline-and-online-sports-betting-businesses/index.html]
[allwhitelabel.com/wp-content/uploads/2024/06/cerification-5.png]
[allwhitelabel.com/wp-content/uploads/2024/06/cerification-2.png]
[allwhitelabel.com/how-to-begin-and-extend-your-sports-betting-business/index.html]
[allwhitelabel.com/wp-content/uploads/2024/06/cerification-3.png]
[allwhitelabel.com/wp-content/uploads/2024/06/cerification-4.png]
[allwhitelabel.com/wp-content/uploads/2024/06/gaming-1.png]
[allwhitelabel.com/wp-content/uploads/2024/06/gaming-2.png]
[allwhitelabel.com/wp-content/uploads/2024/06/gaming-3.png]
[allwhitelabel.com/wp-content/uploads/2024/06/gaming-4.png]
[allwhitelabel.com/wp-content/uploads/2024/08/Artboard-4-copy-7icone.png]
[allwhitelabel.com/wp-content/uploads/2024/08/bhim.png]
[allwhitelabel.com/wp-content/uploads/2024/08/phonepay.png]
[allwhitelabel.com/wp-content/uploads/2024/08/gpay.png]
[allwhitelabel.com/wp-content/uploads/2024/08/paytm.png]
[allwhitelabel.com/wp-content/uploads/2024/08/usdt.png]
[allwhitelabel.com/wp-content/uploads/2024/08/crypto.png]
[allwhitelabel.com/wp-content/uploads/2024/08/hkd.png]
[allwhitelabel.com/wp-content/uploads/2024/06/logo-white.png]
[allwhitelabel.com/wp-content/uploads/2024/06/Dice.png]
[allwhitelabel.com/wp-content/uploads/2024/06/Management.png]
[allwhitelabel.com/wp-content/uploads/2024/08/WhatsApp_icon.png.webp]
[allwhitelabel.com/wp-content/uploads/2024/07/pngwing-min-2048x884-1.png]
[allwhitelabel.com/wp-content/plugins/elementor/assets/lib/animations/animations.mind5d5.css]
[allwhitelabel.com/wp-content/uploads/elementor/css/post-4087292e.css]
[allwhitelabel.com/wp-content/plugins/country-code-field-for-elementor-form/assets/intl-tel-input/css/intlTelInput.min4e44.css]
[allwhitelabel.com/wp-content/plugins/country-code-field-for-elementor-form/assets/css/country-code-style.min4e44.css]
[allwhitelabel.com/wp-content/themes/astra/assets/js/minified/frontend.min287d.js]
[allwhitelabel.com/wp-includes/js/jquery/jquery.minf43b.js]
[allwhitelabel.com/wp-includes/js/jquery/jquery-migrate.min5589.js]
[allwhitelabel.com/wp-content/plugins/pro-elements/assets/lib/smartmenus/jquery.smartmenus.min1576.js]
[allwhitelabel.com/wp-includes/js/imagesloaded.minbb93.js]
[allwhitelabel.com/wp-content/plugins/elementor/assets/lib/jquery-numerator/jquery-numerator.min3958.js]
[allwhitelabel.com/wp-content/plugins/pro-elements/assets/js/webpack-pro.runtime.min28fc.js]
[allwhitelabel.com/wp-content/plugins/elementor/assets/js/webpack.runtime.mind5d5.js]
[allwhitelabel.com/wp-content/plugins/elementor/assets/js/frontend-modules.mind5d5.js]
[allwhitelabel.com/wp-includes/js/dist/hooks.min2757.js]
[allwhitelabel.com/wp-includes/js/dist/i18n.minc33c.js]
[allwhitelabel.com/wp-content/plugins/pro-elements/assets/js/frontend.min28fc.js]
[allwhitelabel.com/wp-content/plugins/elementor/assets/lib/waypoints/waypoints.min05da.js]
[allwhitelabel.com/wp-includes/js/jquery/ui/core.minb37e.js]
[allwhitelabel.com/wp-content/plugins/elementor/assets/js/frontend.mind5d5.js]
[allwhitelabel.com/wp-content/plugins/pro-elements/assets/js/elements-handlers.min28fc.js]
[allwhitelabel.com/wp-content/plugins/country-code-field-for-elementor-form/assets/intl-tel-input/js/intlTelInput.min4e44.js]
[allwhitelabel.com/wp-content/plugins/country-code-field-for-elementor-form/assets/js/country-code-script.min4e44.js]
[allwhitelabel.com/index.html]
[allwhitelabel.com/wp-content/themes/astra/assets/css/minified/main.min287d.css]
[allwhitelabel.com/wp-content/plugins/elementor/assets/css/frontend-lite.mind5d5.css]
[allwhitelabel.com/wp-content/plugins/elementor/assets/lib/swiper/v8/css/swiper.min94a4.css]
[allwhitelabel.com/wp-content/uploads/elementor/css/post-134452.css]
[allwhitelabel.com/wp-content/plugins/pro-elements/assets/css/frontend-lite.min28fc.css]
[allwhitelabel.com/wp-content/uploads/2024/07/2.jpg]
[allwhitelabel.com/wp-content/uploads/elementor/css/post-64452.css]
[allwhitelabel.com/wp-content/uploads/elementor/css/post-44694452.css]
[allwhitelabel.com/wp-content/uploads/elementor/css/post-1618d18c.css]
[allwhitelabel.com/wp-content/uploads/2024/06/page-bg-1-min.jpg]
[allwhitelabel.com/wp-content/uploads/2024/06/shopping.webp]
[allwhitelabel.com/wp-content/uploads/elementor/css/post-4282292e.css]
[allwhitelabel.com/wp-content/uploads/elementor/css/post-36490ad0.css]
[allwhitelabel.com/wp-content/themes/astra-child/style8a54.css]
[allwhitelabel.com/wp-content/plugins/pro-elements/assets/css/widget-nav-menu.mindf6e.css]
[allwhitelabel.com/wp-content/uploads/2024/06/Image-6.webp]
[allwhitelabel.com/wp-content/uploads/elementor/css/post-1900c81f.css]
[allwhitelabel.com/wp-json/wp/v2/pages/1900.json]
[allwhitelabel.com/wp-json/oembed/1.0/embedae99.json]
[allwhitelabel.com/wp-json/oembed/1.0/embed6b95]
[allwhitelabel.com/wp-content/uploads/2024/06/Vector-1-min.webp]
[allwhitelabel.com/wp-content/uploads/2024/06/Vector-2-min.webp]
[allwhitelabel.com/wp-content/uploads/2024/06/Vector-3-min.webp]
[allwhitelabel.com/wp-content/uploads/2024/06/Vector-4-min.webp]
[allwhitelabel.com/wp-content/uploads/2024/06/Vector-min.webp]
[allwhitelabel.com/wp-content/uploads/2024/06/image-20-min-1.webp]
[allwhitelabel.com/wp-content/uploads/2024/06/dashboard_11264787-1.webp]
[allwhitelabel.com/white-label-online-casino-software/index.html]
[allwhitelabel.com/wp-content/uploads/2024/06/Image-1-2.webp]
[allwhitelabel.com/wp-content/uploads/elementor/css/post-27506138.css]
[allwhitelabel.com/wp-json/wp/v2/pages/2750.json]
[allwhitelabel.com/wp-json/oembed/1.0/embed5cf1.json]
[allwhitelabel.com/wp-json/oembed/1.0/embeddd25]
[allwhitelabel.com/wp-content/uploads/2024/06/Rectangle-2850-min.webp]
[allwhitelabel.com/wp-content/uploads/2024/06/Ellipse-20-min.webp]
[allwhitelabel.com/turnkey-casino-software/index.html]
[allwhitelabel.com/wp-content/uploads/2024/06/Image-2-2.webp]
[allwhitelabel.com/wp-content/uploads/elementor/css/post-275594ea.css]
[allwhitelabel.com/wp-json/wp/v2/pages/2755.json]
[allwhitelabel.com/wp-json/oembed/1.0/embed7fbc.json]
[allwhitelabel.com/self-service-casino/index.html]
[allwhitelabel.com/wp-json/oembed/1.0/embed79d4]
[allwhitelabel.com/wp-content/uploads/2024/06/Image-1.webp]
[allwhitelabel.com/wp-content/uploads/elementor/css/post-21216a34.css]
[allwhitelabel.com/wp-json/wp/v2/pages/2121.json]
[allwhitelabel.com/wp-json/oembed/1.0/embedbea0.json]
[allwhitelabel.com/wp-json/oembed/1.0/embed2bf3]
[allwhitelabel.com/casino-games-integration/index.html]
[allwhitelabel.com/wp-content/uploads/2024/06/Image.webp]
[allwhitelabel.com/wp-content/uploads/elementor/css/post-22536a34.css]
[allwhitelabel.com/wp-json/wp/v2/pages/2253.json]
[allwhitelabel.com/wp-json/oembed/1.0/embed5f5f.json]
[allwhitelabel.com/wp-json/oembed/1.0/embed75b6]
[allwhitelabel.com/casino-games-aggregator/index.html]
[allwhitelabel.com/wp-content/uploads/2024/06/Image-2.webp]
[allwhitelabel.com/wp-content/uploads/elementor/css/post-2251ffbc.css]
[allwhitelabel.com/wp-json/wp/v2/pages/2251.json]
[allwhitelabel.com/wp-json/oembed/1.0/embed5e23.json]
[allwhitelabel.com/wp-json/oembed/1.0/embeda579]
[allwhitelabel.com/online-casino-payment-solutions/index.html]
[allwhitelabel.com/wp-content/uploads/2024/06/Image-3.webp]
[allwhitelabel.com/wp-content/uploads/elementor/css/post-2245ffbc.css]
[allwhitelabel.com/wp-json/wp/v2/pages/2245.json]
[allwhitelabel.com/wp-json/oembed/1.0/embedf297.json]
[allwhitelabel.com/wp-json/oembed/1.0/embedfd2e]
[allwhitelabel.com/bonus-system-standalone/index.html]
[allwhitelabel.com/wp-content/uploads/2024/06/Image-4.webp]
[allwhitelabel.com/wp-content/uploads/elementor/css/post-2243f6b9.css]
[allwhitelabel.com/wp-json/wp/v2/pages/2243.json]
[allwhitelabel.com/wp-json/oembed/1.0/embedb6b1.json]
[allwhitelabel.com/wp-json/oembed/1.0/embed1075]
[allwhitelabel.com/sportsbook-solutions-integration-api/index.html]
[allwhitelabel.com/wp-content/uploads/2024/06/Image-1-1.webp]
[allwhitelabel.com/wp-content/uploads/elementor/css/post-22492eac.css]
[allwhitelabel.com/wp-json/wp/v2/pages/2249.json]
[allwhitelabel.com/wp-json/oembed/1.0/embed55a3.json]
[allwhitelabel.com/wp-json/oembed/1.0/embed0492]
[allwhitelabel.com/bank-accounts/index.html]
[allwhitelabel.com/wp-content/uploads/2024/06/Image-5.webp]
[allwhitelabel.com/wp-content/uploads/elementor/css/post-2247f544.css]
[allwhitelabel.com/wp-json/wp/v2/pages/2247.json]
[allwhitelabel.com/wp-json/oembed/1.0/embed1512.json]
[allwhitelabel.com/wp-json/oembed/1.0/embedaa22]
[allwhitelabel.com/licensing/index.html]
[allwhitelabel.com/wp-content/uploads/2024/06/Image-3-1.webp]
[allwhitelabel.com/wp-content/uploads/elementor/css/post-2241f544.css]
[allwhitelabel.com/wp-json/wp/v2/pages/2241.json]
[allwhitelabel.com/wp-json/oembed/1.0/embeddad2.json]
[allwhitelabel.com/wp-json/oembed/1.0/embedfd03]
[allwhitelabel.com/live-casino-bundle/index.html]
[allwhitelabel.com/wp-content/uploads/2024/06/Image-2-1.webp]
[allwhitelabel.com/wp-content/uploads/elementor/css/post-223975d5.css]
[allwhitelabel.com/wp-json/wp/v2/pages/2239.json]
[allwhitelabel.com/wp-json/oembed/1.0/embed498d.json]
[allwhitelabel.com/wp-json/oembed/1.0/embed3565]
[allwhitelabel.com/slots-bundle/index.html]
[allwhitelabel.com/wp-content/uploads/2024/06/Image-7.webp]
[allwhitelabel.com/wp-content/uploads/elementor/css/post-2677730d.css]
[allwhitelabel.com/wp-json/wp/v2/pages/2677.json]
[allwhitelabel.com/wp-json/oembed/1.0/embedf450.json]
[allwhitelabel.com/wp-json/oembed/1.0/embedfaed]
[allwhitelabel.com/wp-content/uploads/2024/06/Intersect-min.webp]
[allwhitelabel.com/wp-content/uploads/2024/06/image-18-min.webp]
[allwhitelabel.com/wp-content/uploads/2024/06/Rectangle-3858-min.webp]
[allwhitelabel.com/online-casino-software/index.html]
[allwhitelabel.com/wp-content/uploads/2024/06/Image-1-3.webp]
[allwhitelabel.com/wp-content/uploads/elementor/css/post-3007da8e.css]
[allwhitelabel.com/wp-json/wp/v2/pages/3007.json]
[allwhitelabel.com/wp-json/oembed/1.0/embedf248.json]
[allwhitelabel.com/wp-json/oembed/1.0/embedb75c]
[allwhitelabel.com/live-casino-software/index.html]
[allwhitelabel.com/wp-content/uploads/2024/06/image-20.webp]
[allwhitelabel.com/wp-content/uploads/elementor/css/post-3008660e.css]
[allwhitelabel.com/wp-json/wp/v2/pages/3008.json]
[allwhitelabel.com/wp-json/oembed/1.0/embede25a.json]
[allwhitelabel.com/wp-json/oembed/1.0/embed5e5a]
[allwhitelabel.com/casino-games/index.html]
[allwhitelabel.com/wp-content/uploads/2024/06/Image-2-3.webp]
[allwhitelabel.com/wp-content/uploads/elementor/css/post-30098531.css]
[allwhitelabel.com/wp-json/wp/v2/pages/3009.json]
[allwhitelabel.com/wp-json/oembed/1.0/embed5d2d.json]
[allwhitelabel.com/wp-json/oembed/1.0/embed095b]
[allwhitelabel.com/lottery-bingo/index.html]
[allwhitelabel.com/wp-content/uploads/2024/06/image-20-1.webp]
[allwhitelabel.com/wp-content/uploads/elementor/css/post-30101c64.css]
[allwhitelabel.com/wp-json/wp/v2/pages/3010.json]
[allwhitelabel.com/wp-json/oembed/1.0/embede20e.json]
[allwhitelabel.com/wp-json/oembed/1.0/embed2295]
[allwhitelabel.com/casino-tournament/index.html]
[allwhitelabel.com/wp-content/uploads/2024/06/image-20-2.webp]
[allwhitelabel.com/wp-content/uploads/elementor/css/post-301105b8.css]
[allwhitelabel.com/wp-json/wp/v2/pages/3011.json]
[allwhitelabel.com/wp-json/oembed/1.0/embed2dc0.json]
[allwhitelabel.com/wp-json/oembed/1.0/embed4549]
[allwhitelabel.com/streaming-platform/index.html]
[allwhitelabel.com/wp-content/uploads/2024/06/image-20-min.webp]
[allwhitelabel.com/wp-content/uploads/elementor/css/post-23631c64.css]
[allwhitelabel.com/wp-json/wp/v2/pages/2363.json]
[allwhitelabel.com/wp-json/oembed/1.0/embed56c3.json]
[allwhitelabel.com/wp-json/oembed/1.0/embedf777]
[allwhitelabel.com/wp-content/uploads/2024/06/cards-2.png]
[allwhitelabel.com/wp-content/uploads/2024/06/slot-machine.png]
[allwhitelabel.com/wp-content/uploads/2024/06/online-gambling.png]
[allwhitelabel.com/wp-content/uploads/2024/06/aggregate.png]
[allwhitelabel.com/wp-content/uploads/2024/06/licensing.png]
[allwhitelabel.com/wp-content/uploads/2024/06/bank.png]
[allwhitelabel.com/wp-content/uploads/2024/06/balls-sports.png]
[allwhitelabel.com/wp-content/uploads/2024/06/cashless-payment.png]
[allwhitelabel.com/wp-content/uploads/2024/06/bonus.png]
[allwhitelabel.com/white-label-betting-platform/index.html]
[allwhitelabel.com/wp-content/uploads/elementor/css/post-27013450.css]
[allwhitelabel.com/wp-json/wp/v2/pages/2701.json]
[allwhitelabel.com/wp-json/oembed/1.0/embedca12.json]
[allwhitelabel.com/wp-json/oembed/1.0/embed98e4]
[allwhitelabel.com/white-label-casino/index.html]
[allwhitelabel.com/wp-content/uploads/2024/06/image-20-min-2.webp]
[allwhitelabel.com/wp-content/uploads/elementor/css/post-28328800.css]
[allwhitelabel.com/wp-json/wp/v2/pages/2832.json]
[allwhitelabel.com/wp-json/oembed/1.0/embede578.json]
[allwhitelabel.com/wp-json/oembed/1.0/embedcb2f]
[allwhitelabel.com/about-us/index.html]
[allwhitelabel.com/wp-content/uploads/elementor/css/post-2719eac3.css]
[allwhitelabel.com/wp-json/wp/v2/pages/2719.json]
[allwhitelabel.com/wp-json/oembed/1.0/embed8da6.json]
[allwhitelabel.com/wp-json/oembed/1.0/embeda414]
[allwhitelabel.com/contact-us/index.html]
[allwhitelabel.com/wp-content/plugins/elementor/assets/css/widget-icon-box.min.css]
[allwhitelabel.com/wp-content/plugins/pro-elements/assets/css/widget-loop-builder.mindf6e.css]
[allwhitelabel.com/wp-includes/css/dist/block-library/style.minb6a4.css]
[allwhitelabel.com/what-is-a-white-label-sports-betting-platform/feed/index.html]
[allwhitelabel.com/wp-json/wp/v2/posts/4411.json]
[allwhitelabel.com/wp-json/oembed/1.0/embedb7c7.json]
[allwhitelabel.com/wp-json/oembed/1.0/embed84d4]
[allwhitelabel.com/xmlrpc.php]
[allwhitelabel.com/wp-includes/js/comment-reply.minb6a4.js]
[allwhitelabel.com/what-is-a-white-label-sports-betting-platform/index.html]
[allwhitelabel.com/category/uncategorized/index.html]
[allwhitelabel.com/author/awlstaffseo/index.html]
[allwhitelabel.com/wp-json/wp/v2/posts/4408.json]
[allwhitelabel.com/wp-json/oembed/1.0/embedb360.json]
[allwhitelabel.com/comparison-of-offline-and-online-sports-betting-businesses/feed/index.html]
[allwhitelabel.com/wp-json/oembed/1.0/embed8461]
[allwhitelabel.com/comparison-of-offline-and-online-sports-betting-businesses/index.html]
[allwhitelabel.com/wp-json/wp/v2/posts/4402.json]
[allwhitelabel.com/how-to-begin-and-extend-your-sports-betting-business/feed/index.html]
[allwhitelabel.com/wp-json/oembed/1.0/embed9835.json]
[allwhitelabel.com/wp-json/oembed/1.0/embed277f]
[allwhitelabel.com/how-to-begin-and-extend-your-sports-betting-business/index.html]
[allwhitelabel.com/wp-content/plugins/elementor/assets/lib/animations/animations.mind5d5.css]
[allwhitelabel.com/wp-content/uploads/elementor/css/post-4087292e.css]
[allwhitelabel.com/wp-content/plugins/country-code-field-for-elementor-form/assets/intl-tel-input/img/flagsc4ca.png]
[allwhitelabel.com/wp-content/plugins/country-code-field-for-elementor-form/assets/intl-tel-input/img/flags@2xc4ca.png]
[allwhitelabel.com/wp-content/plugins/country-code-field-for-elementor-form/assets/intl-tel-input/img/globe.png]
[allwhitelabel.com/wp-content/plugins/country-code-field-for-elementor-form/assets/intl-tel-input/img/globe@2x.png]
[allwhitelabel.com/wp-content/plugins/country-code-field-for-elementor-form/assets/intl-tel-input/css/intlTelInput.min4e44.css]
[allwhitelabel.com/wp-content/plugins/country-code-field-for-elementor-form/assets/css/country-code-style.min4e44.css]
[allwhitelabel.com/wp-content/uploads/2024/06/Solution-page-min-scaled.webp]
[allwhitelabel.com/wp-content/uploads/2024/06/unsplash_oT-XbATcoTQ-min.webp]
[allwhitelabel.com/wp-content/uploads/elementor/css/post-1900c81f.css]
[allwhitelabel.com/index3f7e.html]
[allwhitelabel.com/wp-content/uploads/elementor/css/post-27506138.css]
[allwhitelabel.com/index1096.html]
[allwhitelabel.com/wp-content/uploads/elementor/css/post-275594ea.css]
[allwhitelabel.com/indexa3c9.html]
[allwhitelabel.com/wp-content/uploads/2024/06/b1a20f532ee9d18b24c8ee8117cb0efc.webp]
[allwhitelabel.com/wp-content/uploads/elementor/css/post-21216a34.css]
[allwhitelabel.com/index5a2e.html]
[allwhitelabel.com/wp-content/uploads/elementor/css/post-22536a34.css]
[allwhitelabel.com/index2a5c.html]
[allwhitelabel.com/wp-content/uploads/elementor/css/post-2251ffbc.css]
[allwhitelabel.com/indexbd91.html]
[allwhitelabel.com/wp-content/uploads/elementor/css/post-2245ffbc.css]
[allwhitelabel.com/indexd63f.html]
[allwhitelabel.com/wp-content/uploads/elementor/css/post-2243f6b9.css]
[allwhitelabel.com/index17b6.html]
[allwhitelabel.com/wp-content/uploads/elementor/css/post-22492eac.css]
[allwhitelabel.com/index2788.html]
[allwhitelabel.com/wp-content/uploads/elementor/css/post-2247f544.css]
[allwhitelabel.com/index57b6.html]
[allwhitelabel.com/wp-content/uploads/elementor/css/post-2241f544.css]
[allwhitelabel.com/index5023.html]
[allwhitelabel.com/wp-content/uploads/elementor/css/post-223975d5.css]
[allwhitelabel.com/index4de7.html]
[allwhitelabel.com/wp-content/uploads/elementor/css/post-2677730d.css]
[allwhitelabel.com/indexbee1.html]
[allwhitelabel.com/wp-content/uploads/elementor/css/post-3007da8e.css]
[allwhitelabel.com/index739b.html]
[allwhitelabel.com/wp-content/uploads/elementor/css/post-3008660e.css]
[allwhitelabel.com/indexe65a.html]
[allwhitelabel.com/wp-content/uploads/elementor/css/post-30098531.css]
[allwhitelabel.com/indexf65c.html]
[allwhitelabel.com/wp-content/uploads/elementor/css/post-30101c64.css]
[allwhitelabel.com/index2103.html]
[allwhitelabel.com/wp-content/uploads/elementor/css/post-301105b8.css]
[allwhitelabel.com/indexbd4e.html]
[allwhitelabel.com/wp-content/uploads/2024/06/Frame-1000002663-min.webp]
[allwhitelabel.com/wp-content/uploads/2024/06/Rectangle-64-min.jpg]
[allwhitelabel.com/wp-content/uploads/2024/06/Rectangle-44-min.jpg]
[allwhitelabel.com/wp-content/uploads/elementor/css/post-23631c64.css]
[allwhitelabel.com/indexc200.html]
[allwhitelabel.com/wp-content/uploads/elementor/css/post-27013450.css]
[allwhitelabel.com/index8c86.html]
[allwhitelabel.com/wp-content/uploads/elementor/css/post-28328800.css]
[allwhitelabel.com/index7a2e.html]
[allwhitelabel.com/wp-content/uploads/elementor/css/post-2719eac3.css]
[allwhitelabel.com/index7908.html]
[allwhitelabel.com/wp-includes/css/dist/block-library/style.minb6a4.css]
[allwhitelabel.com/index014d.html]
[allwhitelabel.com/xmlrpc.php]
[allwhitelabel.com/wp-json/wp/v2/categories/1.json]
[allwhitelabel.com/category/uncategorized/index.html]
[allwhitelabel.com/wp-json/wp/v2/users/3.json]
[allwhitelabel.com/author/awlstaffseo/index.html]
[allwhitelabel.com/index3035.html]
[allwhitelabel.com/index93be.html]
[allwhitelabel.com/category/uncategorized/feed/index.html]
[allwhitelabel.com/author/awlstaffseo/feed/index.html]
